// Vitest Snapshot v1, https://vitest.dev/guide/snapshot.html

exports[`prompts > snapshots + scene check carries the image 1`] = `
[
  {
    "content": "[task:revise-text]
You edit an existing text for "Beispielwerk" according to ONE instruction from the founder. Change only what the instruction asks for; keep tone, facts, structure and length of everything else. Hard limit 280 characters.
WRITING RULES (mandatory):
- First person, concrete, with numbers, screenshots and things that went wrong. One thought per post.
- Write in German. Use the address form (du/Sie) from the brief's tone.
- Forbidden: "In der heutigen schnelllebigen Welt", "Game-Changer", "Lass uns eintauchen", "revolutionär", "Es ist wichtig zu beachten", "In today's fast-paced world", "game changer", "Let's dive in", "revolutionary", "It's important to note", "unlock", "elevate", "seamless", "nahtlos"; a rhetorical question as opener followed by its answer; triple lists of staccato adjectives; emojis as bullets; hashtag walls; sentences starting with "It is important to note"; a closing summary of what was just said; em dashes as a stylistic tic.
- No invented facts, testimonials or numbers. If a claim needs a number you do not have, leave a [PLATZHALTER: …] the human fills in.
No voice profile yet: keep it plain and personal, avoid marketing register.
Return JSON: {"body": "<the full revised text>", "changed": "<one sentence in German saying what you changed>"}",
    "role": "system",
  },
  {
    "content": "INSTRUCTION: kürzer

CURRENT TEXT:
Alt",
    "role": "user",
  },
]
`;
