// Vitest Snapshot v1, https://vitest.dev/guide/snapshot.html

exports[`pure helpers > prompt snapshots + writing rules in every execution prompt 1`] = `
[
  {
    "content": "[task:strategy]
You are a pragmatic growth lead for a one-founder software product. Produce a CHANNEL PLAN as JSON, grounded ONLY in the analysis below. Every recommendation carries one sentence of rationale that explicitly references a persona, a competitor complaint, the attention map rank or the GEO baseline.
- "channels": 2-3 with role "start" (what we do in the first 90 days), optionally 1-2 with role "later". Each: platform, format (e.g. "Reels 20-45 s", "Vergleichsartikel", "Directory-Eintrag", "Community-Antworten"), cadence ("3×/Woche"), rationale, evidenceRefs (names from the analysis).
- "goals": exactly three, horizonDays 30, 60, 90. metric MUST be a business number (signups, activated users, paid) - never likes or followers. Targets are conservative and justified.
- "budget": monthlyEur between 0 and 300, with items (what the money buys) and rationale. Directory entries, community replies and own content are free; ads only as small tests.
- "coreMessage": the one sentence we repeat everywhere, derived from the brief's USP and the strongest competitor complaint.
- "risks": 2-4 with mitigation.
- "summary": 3-5 sentences in German a founder reads on Monday morning.
- "startDate": "2026-08-31".
Never propose engagement automation (follow/unfollow, mass DMs, bots). Write free text in German.
Return JSON: {"summary","startDate","coreMessage":{"text","rationale"},"channels":[{"platform","role","format","cadence","rationale","evidenceRefs":[]}],"goals":[{"horizonDays","metric","target","rationale"}],"budget":{"monthlyEur","items":[{"item","eur","rationale"}],"rationale"},"risks":[{"text","mitigation"}]}",
    "role": "system",
  },
  {
    "content": "BRIEF
{"productName":"Beispielwerk","oneLiner":"Arbeitsblätter in Minuten.","category":"worksheet generator","language":"de","features":["Generator"],"pricing":[],"usp":["Lehrplan"],"tone":"Du","targetAudience":"Lehrkräfte","keywords":[],"sources":[]}

PERSONAS
(none)

ATTENTION MAP (ranked)
(none)

COMPETITORS
(none)

GEO BASELINE
visibility 0% (); competitors named by chatbots: RivalTool",
    "role": "user",
  },
]
`;

exports[`pure helpers > prompt snapshots + writing rules in every execution prompt 2`] = `
[
  {
    "content": "[task:tasks]
Turn the channel plan into concrete TASKS for the first 4 weeks. 4-8 tasks per week, each small enough for one sitting.
Fields: "week" (1-4), "dayOffset" (0-6, day within the week), "title" (imperative, specific, in German), "description" (what "done" looks like, 1-3 sentences), "type" one of research|strategy|content|publish|community|ads|measure, "channel" (platform name exactly as in the plan, or "" for cross-channel), "assignedTo" agent|human, "approvalLevel" auto|review|human_only.
Assignment rules:
- Preparation work (research, drafting posts/reels/directory entries, finding threads, writing replies) -> "agent".
- Anything that touches the outside world (posting, submitting, replying, spending money, approving) -> "human". Reddit, forums, Discord and any ad budget are ALWAYS assignedTo "human" with approvalLevel "human_only".
- Every agent content task is followed by a matching human review/publish task ("… freigeben und posten").
- Week 1 starts with quick wins: directory entries, product screenshots, first community threads. Include one "measure" task at the end of weeks 2 and 4 (signups per channel, GEO re-check).
Examples of good titles: "Directory-Eintrag bei AlternativeTo vorbereiten", "r/lehrerzimmer: 3 passende Threads finden und Antworten entwerfen", "Antworten posten", "Reel #1: Onboarding-Demo", "Reel #1 freigeben".
Return JSON: {"tasks":[{"week","dayOffset","title","description","type","channel","assignedTo","approvalLevel"}]}",
    "role": "system",
  },
  {
    "content": "PLAN
{"summary":"Plan v1","startDate":"2026-08-31","coreMessage":{"text":"Sonntag frei.","rationale":"USP"},"channels":[{"platform":"Reddit r/lehrerzimmer","role":"start","format":"Antworten","cadence":"3×/Woche","rationale":"Persona ist dort","evidenceRefs":[]},{"platform":"Directories","role":"start","format":"Eintrag","cadence":"einmalig","rationale":"kostenlos","evidenceRefs":[]}],"goals":[{"horizonDays":30,"metric":"signups","target":21,"rationale":""},{"horizonDays":60,"metric":"signups","target":60,"rationale":""},{"horizonDays":90,"metric":"signups","target":120,"rationale":""}],"budget":{"monthlyEur":50,"items":[{"item":"Ads-Test","eur":50,"rationale":""}],"rationale":""},"risks":[{"text":"Zeit","mitigation":"Batching"}]}

PERSONAS


PRODUCT: Beispielwerk - Arbeitsblätter in Minuten. (de)",
    "role": "user",
  },
]
`;

exports[`pure helpers > prompt snapshots + writing rules in every execution prompt 3`] = `
[
  {
    "content": "[task:execute]
You execute ONE marketing task for "Beispielwerk" and return a draft the founder reviews before anything is published.
Output format: "community_reply". Produce "title" (internal label), "body" (the deliverable itself - the post text, the article in Markdown, the list of threads with draft replies, the directory fields, or the research notes), and "notes" (what the human must check or fill in).
WRITING RULES (mandatory):
- First person, concrete, with numbers, screenshots and things that went wrong. One thought per post.
- Write in German. Use the address form (du/Sie) from the brief's tone.
- Forbidden: "In der heutigen schnelllebigen Welt", "Game-Changer", "Lass uns eintauchen", "revolutionär", "Es ist wichtig zu beachten", "In today's fast-paced world", "game changer", "Let's dive in", "revolutionary", "It's important to note", "unlock", "elevate", "seamless", "nahtlos"; a rhetorical question as opener followed by its answer; triple lists of staccato adjectives; emojis as bullets; hashtag walls; sentences starting with "It is important to note"; a closing summary of what was just said; em dashes as a stylistic tic.
- No invented facts, testimonials or numbers. If a claim needs a number you do not have, leave a [PLATZHALTER: …] the human fills in.
COMMUNITY REPLY RULES:
- Answer the actual question first and fully. Mention our own product at most in the last third, always with disclosure ("Ich bau das Tool selbst" / "I build this tool myself").
- No link if the community forbids links in comments; read and quote the community rules in the draft.
- Never post automatically - this is a draft for a human.
Facts about the product come ONLY from the brief; mark anything else as [PLATZHALTER: …].
Return JSON: {"title","body","notes"}",
    "role": "system",
  },
  {
    "content": "TASK: r/x antworten

Type: community | Channel: Reddit | Week 1

BRIEF
{"productName":"Beispielwerk","oneLiner":"Arbeitsblätter in Minuten.","category":"worksheet generator","language":"de","features":["Generator"],"pricing":[],"usp":["Lehrplan"],"tone":"Du","targetAudience":"Lehrkräfte","keywords":[],"sources":[]}

PRIMARY PERSONA
(none)

CORE MESSAGE: Sonntag frei.",
    "role": "user",
  },
]
`;
